Stack Allocation = 12000 bytes

 Start  Stop   Length Name                   Class
 00000H 03C41H 03C42H OPIC_TEXT              CODE
 03C42H 045B9H 00978H OPICGRAF_TEXT          CODE
 045BAH 08995H 043DCH OPICLIB_TEXT           CODE
 08996H 08A69H 000D4H ATSAY_TEXT             CODE
 08A6AH 08AA1H 00038H BELL_TEXT              CODE
 08AA2H 08BD3H 00132H ERASE_TEXT             CODE
 08BD4H 0B561H 0298EH GETS_TEXT              CODE
 0B562H 0B7FBH 0029AH SETS_TEXT              CODE
 0B7FCH 0B931H 00136H STATSTUF_TEXT          CODE
 0B932H 0B95BH 0002AH TERROR_TEXT            CODE
 0B95CH 0BA0BH 000B0H VCEND_TEXT             CODE
 0BA0CH 0BA99H 0008EH VCGETDAT_TEXT          CODE
 0BA9AH 0BB1BH 00082H VCGETTIM_TEXT          CODE
 0BB1CH 0BB1CH 00000H VCGLOBAL_TEXT          CODE
 0BB1CH 0BF2DH 00412H VCSTART_TEXT           CODE
 0BF2EH 0C075H 00148H WATSAY_TEXT            CODE
 0C076H 0C1B1H 0013CH WCLOSE_TEXT            CODE
 0C1B2H 0C1D5H 00024H WDOKEY_TEXT            CODE
 0C1D6H 0C38BH 001B6H WOPEN_TEXT             CODE
 0C38CH 0C6F3H 00368H WPARMS_TEXT            CODE
 0C6F4H 0C7E5H 000F2H WSELECT_TEXT           CODE
 0C7E6H 0CED5H 006F0H GETONE_TEXT            CODE
 0CED6H 0D131H 0025CH MGETONE_TEXT           CODE
 0D132H 0EBA7H 01A76H VCMENU_TEXT            CODE
 0EBA8H 0EC31H 0008AH AT_TEXT                CODE
 0EC32H 0EC51H 00020H BLANK_TEXT             CODE
 0EC52H 0EE89H 00238H BOX_TEXT               CODE
 0EE8AH 0EF95H 0010CH CLRGETS_TEXT           CODE
 0EF96H 0F715H 00780H DISPLAY_TEXT           CODE
 0F716H 0F741H 0002CH ISBLANK_TEXT           CODE
 0F742H 0F9DBH 0029AH REQUIRED_TEXT          CODE
 0F9DCH 0FA25H 0004AH SCROLLUP_TEXT          CODE
 0FA26H 0FD0DH 002E8H SPRTNUM_TEXT           CODE
 0FD0EH 0FFD1H 002C4H TB_TEXT                CODE
 0FFD2H 10055H 00084H TBLALLOC_TEXT          CODE
 10056H 103ADH 00358H VCCURS_TEXT            CODE
 103AEH 10BE3H 00836H VCNUMSUP_TEXT          CODE
 10BE4H 10C91H 000AEH VCPUTC_TEXT            CODE
 10C92H 10D4DH 000BCH VCPUTS_TEXT            CODE
 10D4EH 1163BH 008EEH VCSELSET_TEXT          CODE
 1163CH 11905H 002CAH VCVIDEO_TEXT           CODE
 11906H 11975H 00070H WAT_TEXT               CODE
 11976H 11F99H 00624H WBORDER_TEXT           CODE
 11F9AH 1204DH 000B4H WCLR_TEXT              CODE
 1204EH 120E1H 00094H WCONFLIC_TEXT          CODE
 120E2H 12135H 00054H WCUTOUT_TEXT           CODE
 12136H 12177H 00042H WHIDDEN_TEXT           CODE
 12178H 1220DH 00096H WHIDE_TEXT             CODE
 1220EH 122D7H 000CAH WINIT_TEXT             CODE
 122D8H 123EBH 00114H WMOVE_TEXT             CODE
 123ECH 124B9H 000CEH WPREP_TEXT             CODE
 124BAH 125EDH 00134H WPUTATTR_TEXT          CODE
 125EEH 12FB9H 009CCH WPUTCHR_TEXT           CODE
 12FBAH 1305BH 000A2H WRD_SCRN_TEXT          CODE
 1305CH 13149H 000EEH WRESTORE_TEXT          CODE
 1314AH 1335DH 00214H WSETUP_TEXT            CODE
 1335EH 13435H 000D8H WSHOW_TEXT             CODE
 13436H 134ABH 00076H WSHUFFLE_TEXT          CODE
 134ACH 13535H 0008AH WSTACK_TEXT            CODE
 13536H 13687H 00152H WUPDATE_TEXT           CODE
 13688H 13731H 000AAH WWRTDW_TEXT            CODE
 13732H 137BDH 0008CH COLORMON_TEXT          CODE
 137BEH 137F5H 00038H EMPTY_TEXT             CODE
 137F6H 13959H 00164H ERAEOL_TEXT            CODE
 1395AH 13A43H 000EAH MOV_CURS_TEXT          CODE
 13A44H 13A8DH 0004AH SCROLLDN_TEXT          CODE
 13A8EH 13ADDH 00050H TRIM_TEXT              CODE
 13ADEH 13B99H 000BCH VCVGA_TEXT             CODE
 13B9AH 13C4CH 000B3H VCVIO_TEXT             CODE
 13C4EH 13D6DH 00120H WBOUND_TEXT            CODE
 13D6EH 13E0BH 0009EH WSCRN_BL_TEXT          CODE
 13E0CH 13EADH 000A2H WWRTUP_TEXT            CODE
 13EAEH 13EE9H 0003CH FONTINIT_TEXT          CODE
 13EEAH 13F59H 00070H FONTQUIT_TEXT          CODE
 13F5AH 141E1H 00288H FONT_LOA_TEXT          CODE
 141E2H 1427FH 0009EH SETASPEC_TEXT          CODE
 14280H 1432BH 000ACH SETVGA_TEXT            CODE
 1432CH 143A5H 0007AH SETVIEW_TEXT           CODE
 143A6H 1446DH 000C8H SETWORLD_TEXT          CODE
 1446EH 1459BH 0012EH SYSPAUSE_TEXT          CODE
 1459CH 14635H 0009AH WORLDPTS_TEXT          CODE
 14636H 14A61H 0042CH EG_CIRCL_TEXT          CODE
 14A62H 14B39H 000D8H FATSAY_TEXT            CODE
 14B3AH 14E17H 002DEH EG_RECT_TEXT           CODE
 14E18H 14F01H 000EAH SCRNPTS_TEXT           CODE
 14F02H 14F4FH 0004EH WORLDON_TEXT           CODE
 14F50H 154B7H 00568H FONTCH_TEXT            CODE
 154B8H 16503H 0104CH INITGRAF_TEXT          CODE
 16504H 16CDFH 007DCH EG_LINE_TEXT           CODE
 16CE0H 16D29H 0004AH CLOSEFIL_TEXT          CODE
 16D2AH 16E9BH 00172H ELAPTIME_TEXT          CODE
 16E9CH 16F23H 00088H OPENFIL_TEXT           CODE
 16F24H 16F45H 00022H PEEKWORD_TEXT          CODE
 16F46H 16FE1H 0009CH PGABYTE_TEXT           CODE
 16FE2H 17001H 00020H POKEBYTE_TEXT          CODE
 17002H 17021H 00020H POKEWORD_TEXT          CODE
 17022H 1760FH 005EEH SET8514_TEXT           CODE
 17610H 17655H 00046H SETEGAOV_TEXT          CODE
 17656H 176BDH 00068H SETEGAPR_TEXT          CODE
 176BEH 176E9H 0002CH SETSCMOD_TEXT          CODE
 176EAH 1772FH 00046H SYSITIME_TEXT          CODE
 17730H 1773BH 0000CH WORKSIZ2_TEXT          CODE
 1773CH 1776FH 00034H WORKSIZE_TEXT          CODE
 17770H 17881H 00112H _LOADGEN_TEXT          CODE
 17882H 17A1BH 0019AH _LOADROM_TEXT          CODE
 17A1CH 1A5D0H 02BB5H NEWLINE_CODE           CODE
 1A5D2H 1A6B7H 000E6H EG_DOT_TEXT            CODE
 1A6B8H 1A71DH 00066H FCURLOC_TEXT           CODE
 1A71EH 1A893H 00176H EG_STATU_TEXT          CODE
 1A894H 1AD7DH 004EAH ARCPTSH2_TEXT          CODE
 1AD7EH 1AE95H 00118H FCURSPRT_TEXT          CODE
 1AE96H 1AF35H 000A0H CLEARSCR_TEXT          CODE
 1AF36H 1B57FH 0064AH _LOADFY_TEXT           CODE
 1B580H 1BCCBH 0074CH _LOADSET_TEXT          CODE
 1BCCCH 1BE97H 001CCH _LOADSMS_TEXT          CODE
 1BE98H 1C427H 00590H _ROTCH_TEXT            CODE
 1C428H 1C8B9H 00492H _SETROT_TEXT           CODE
 1C8BAH 1D165H 008ACH EG_ARC_TEXT            CODE
 1D166H 1D167H 00002H EG_EXT_TEXT            CODE
 1D168H 1D31FH 001B8H EG_CLINE_TEXT          CODE
 1D320H 1D36FH 00050H WORLDRAD_TEXT          CODE
 1D370H 1DBBDH 0084EH HATCH_RE_TEXT          CODE
 1DBBEH 1DCC5H 00108H CLIPON_TEXT            CODE
 1DCC6H 1DD45H 00080H CREATFIL_TEXT          CODE
 1DD46H 1DE07H 000C2H DGRTRIG_TEXT           CODE
 1DE08H 1DE49H 00042H FILSIZE_TEXT           CODE
 1DE4AH 1DE75H 0002CH HIWORD_TEXT            CODE
 1DE76H 1DF0BH 00096H READFIL_TEXT           CODE
 1DF0CH 1DF8DH 00082H READFIL2_TEXT          CODE
 1DF8EH 1E051H 000C4H SEEKFIL_TEXT           CODE
 1E052H 1E061H 00010H SET_LWID_TEXT          CODE
 1E062H 1E0BDH 0005CH STRGREV_TEXT           CODE
 1E0BEH 1E1B9H 000FCH TYPEDOT_TEXT           CODE
 1E1BAH 1E24FH 00096H WRITEFIL_TEXT          CODE
 1E250H 2458DH 0633EH _text                  CODE
 2458EH 24BA9H 0061CH _FONTCST_TEXT          CODE
 24BAAH 2504FH 004A6H HATCH_AR_TEXT          CODE
 25050H 250C7H 00078H _VWLINE_TEXT           CODE
 250C8H 25867H 007A0H ARCPT2_TEXT            CODE
 25868H 25D97H 00530H GETPUT_TEXT            CODE
 25D98H 26077H 002E0H CALCBYTS_TEXT          CODE
 26078H 26481H 0040AH FCURCH_TEXT            CODE
 26482H 2738DH 00F0CH TD_PTSH2_TEXT          CODE
 2738EH 27455H 000C8H FINDFRST_TEXT          CODE
 27456H 2752FH 000DAH FONT_INF_TEXT          CODE
 27530H 27553H 00024H PEEKBYTE_TEXT          CODE
 27554H 2762BH 000D8H PGAREAD_TEXT           CODE
 2762CH 2764FH 00024H PGAWORD_TEXT           CODE
 27650H 277E5H 00196H PGA_GET_TEXT           CODE
 277E6H 27893H 000AEH PGA_PUT_TEXT           CODE
 27894H 278E1H 0004EH EG_LINET_TEXT          CODE
 278E2H 27B1DH 0023CH _FONTSCL_TEXT          CODE
 27B1EH 27B1FH 00002H BAREXT_TEXT            CODE
 27B20H 27B6BH 0004CH E_GETDTA_TEXT          CODE
 27B6CH 27BB7H 0004CH E_SETDTA_TEXT          CODE
 27BB8H 2A499H 028E2H MVGRAPH_TEXT           CODE
 2A49AH 2A9BBH 00522H MVTEXT_TEXT            CODE
 2A9BCH 2FE1FH 05464H SYSLEV_TEXT            CODE
 2FE20H 30CE7H 00EC8H FILEIO_TEXT            CODE
 30CE8H 3224FH 01568H FRONTEND_TEXT          CODE
 32250H 33893H 01644H IMAGEMAN_TEXT          CODE
 33894H 33BB9H 00326H GENUTIL_TEXT           CODE
 33BBAH 363CBH 02812H OBJMAN_TEXT            CODE
 363CCH 36B91H 007C6H LUTMAN_TEXT            CODE
 36B92H 38373H 017E2H LOWLEV_TEXT            CODE
 38374H 3838EH 0001BH FAIN_TEXT              CODE
 38390H 383AAH 0001BH FAOUT_TEXT             CODE
 383B0H 3AA9FH 026F0H EMULATOR_TEXT          CODE
 3AAA0H 3AAA0H 00000H C_ETEXT                ENDCODE
 3AAA0H 3AC0FH 00170H EMULATOR_DATA          FAR_DATA
 3AC10H 401E5H 055D6H FAR_BSS                FAR_BSS
 401F0H 40231H 00042H NULL                   BEGDATA
 40232H 443A1H 04170H _DATA                  DATA
 443A2H 443A3H 00002H XIQC                   DATA
 443A4H 443B1H 0000EH DBDATA                 DATA
 443B2H 443BFH 0000EH CDATA                  DATA
 443C0H 443C0H 00000H XIFB                   DATA
 443C0H 443C0H 00000H XIF                    DATA
 443C0H 443C0H 00000H XIFE                   DATA
 443C0H 443C0H 00000H XIB                    DATA
 443C0H 443CBH 0000CH XI                     DATA
 443CCH 443CCH 00000H XIE                    DATA
 443CCH 443CCH 00000H XPB                    DATA
 443CCH 443CFH 00004H XP                     DATA
 443D0H 443D0H 00000H XPE                    DATA
 443D0H 443D0H 00000H XCB                    DATA
 443D0H 443D0H 00000H XC                     DATA
 443D0H 443D0H 00000H XCE                    DATA
 443D0H 443D0H 00000H XCFB                   DATA
 443D0H 443D0H 00000H XCF                    DATA
 443D0H 443D0H 00000H XCFE                   DATA
 443D0H 443D3H 00004H EXEC                   DATA
 443D4H 44AA7H 006D4H CONST                  CONST
 44AA8H 44AA8H 00000H _CONST                 CONST
 44AA8H 44AAFH 00008H HDR                    MSG
 44AB0H 44C8CH 001DDH MSG                    MSG
 44C8DH 44C8EH 00002H PAD                    MSG
 44C8FH 44C8FH 00001H EPAD                   MSG
 44C90H 48433H 037A4H _BSS                   BSS
 48434H 48434H 00000H XOB                    BSS
 48434H 48434H 00000H XO                     BSS
 48434H 48434H 00000H XOE                    BSS
 48440H 4863FH 00200H c_common               BSS
 48640H 4B51FH 02EE0H STACK                  STACK

 Origin   Group
 401F:0   DGROUP

Program entry point at 1E25:005A
